javac.exe : C:\xampp\htdoc
s\portfolio-app\backend\sr
c\main\java\com\portfolio\
backend\BackendApplication
.java:4: error: package 
org.springframework.boot 
does not exist
At line:1 char:1
+ & "C:\Program Files\Java
\jdk-20\bin\javac.exe" 
-cp "target\classes" - ...
+ ~~~~~~~~~~~~~~~~~~~~~~~~
~~~~~~~~~~~~~~~~~~~~~~~~~~
~~~~~~~~~~~~~~~~~~~
    + CategoryInfo        
      : NotSpecified: (C  
  :\xampp\htdocs... doe   
 s not exist:String) [    
], RemoteException
    + FullyQualifiedError 
   Id : NativeCommandErr  
  or
 
import org.springframework
.boot.SpringApplication;
                          
     ^
C:\xampp\htdocs\portfolio-
app\backend\src\main\java\
com\portfolio\backend\Back
endApplication.java:5: 
error: package org.springf
ramework.boot.autoconfigur
e does not exist
import org.springframework
.boot.autoconfigure.Spring
BootApplication;
                          
                   ^
C:\xampp\htdocs\portfolio-
app\backend\src\main\java\
com\portfolio\backend\Back
endApplication.java:6: 
error: package 
org.springframework.boot 
does not exist
import org.springframework
.boot.CommandLineRunner;
                          
     ^
C:\xampp\htdocs\portfolio-
app\backend\src\main\java\
com\portfolio\backend\Back
endApplication.java:7: 
error: package org.springf
ramework.context.annotatio
n does not exist
import org.springframework
.context.annotation.Bean;
                          
                   ^
C:\xampp\htdocs\portfolio-
app\backend\src\main\java\
com\portfolio\backend\Back
endApplication.java:10: 
error: package org.springf
ramework.security.crypto.p
assword does not exist
import org.springframework
.security.crypto.password.
PasswordEncoder;
                          
                         ^
C:\xampp\htdocs\portfolio-
app\backend\src\main\java\
com\portfolio\backend\Back
endApplication.java:12: 
error: cannot find symbol
@SpringBootApplication
 ^
  symbol: class 
SpringBootApplication
C:\xampp\htdocs\portfolio-
app\backend\src\main\java\
com\portfolio\backend\repo
sitory\UserRepository.java
:4: error: package org.spr
ingframework.data.jpa.repo
sitory does not exist
import org.springframework
.data.jpa.repository.JpaRe
pository;
                          
                    ^
C:\xampp\htdocs\portfolio-
app\backend\src\main\java\
com\portfolio\backend\repo
sitory\UserRepository.java
:5: error: package org.spr
ingframework.stereotype 
does not exist
import org.springframework
.stereotype.Repository;
                          
           ^
C:\xampp\htdocs\portfolio-
app\backend\src\main\java\
com\portfolio\backend\repo
sitory\UserRepository.java
:10: error: cannot find 
symbol
public interface 
UserRepository extends 
JpaRepository<User, Long> 
{
                          
              ^
  symbol: class 
JpaRepository
C:\xampp\htdocs\portfolio-
app\backend\src\main\java\
com\portfolio\backend\repo
sitory\UserRepository.java
:9: error: cannot find 
symbol
@Repository
 ^
  symbol: class Repository
C:\xampp\htdocs\portfolio-
app\backend\src\main\java\
com\portfolio\backend\mode
l\User.java:4: error: 
package lombok does not 
exist
import lombok.Data;
             ^
C:\xampp\htdocs\portfolio-
app\backend\src\main\java\
com\portfolio\backend\mode
l\User.java:6: error: 
cannot find symbol
@Data
 ^
  symbol: class Data
C:\xampp\htdocs\portfolio-
app\backend\src\main\java\
com\portfolio\backend\mode
l\User.java:7: error: 
cannot find symbol
@Entity
 ^
  symbol: class Entity
C:\xampp\htdocs\portfolio-
app\backend\src\main\java\
com\portfolio\backend\mode
l\User.java:8: error: 
cannot find symbol
@Table(name = "users")
 ^
  symbol: class Table
C:\xampp\htdocs\portfolio-
app\backend\src\main\java\
com\portfolio\backend\Back
endApplication.java:19: 
error: cannot find symbol
    public 
CommandLineRunner 
initData(UserRepository 
userRepository, 
PasswordEncoder 
passwordEncoder) {
                          
                          
                 ^
  symbol:   class 
PasswordEncoder
  location: class 
BackendApplication
C:\xampp\htdocs\portfolio-
app\backend\src\main\java\
com\portfolio\backend\Back
endApplication.java:19: 
error: cannot find symbol
    public 
CommandLineRunner 
initData(UserRepository 
userRepository, 
PasswordEncoder 
passwordEncoder) {
           ^
  symbol:   class 
CommandLineRunner
  location: class 
BackendApplication
C:\xampp\htdocs\portfolio-
app\backend\src\main\java\
com\portfolio\backend\mode
l\User.java:3: error: 
package 
jakarta.persistence does 
not exist
import 
jakarta.persistence.*;
^
C:\xampp\htdocs\portfolio-
app\backend\src\main\java\
com\portfolio\backend\cont
roller\AboutController.jav
a:5: error: package org.sp
ringframework.beans.factor
y.annotation does not 
exist
import org.springframework
.beans.factory.annotation.
Autowired;
                          
                         ^
C:\xampp\htdocs\portfolio-
app\backend\src\main\java\
com\portfolio\backend\cont
roller\AboutController.jav
a:6: error: package 
org.springframework.http 
does not exist
import org.springframework
.http.HttpStatus;
                          
     ^
C:\xampp\htdocs\portfolio-
app\backend\src\main\java\
com\portfolio\backend\cont
roller\AboutController.jav
a:7: error: package 
org.springframework.http 
does not exist
import org.springframework
.http.ResponseEntity;
                          
     ^
C:\xampp\htdocs\portfolio-
app\backend\src\main\java\
com\portfolio\backend\cont
roller\AboutController.jav
a:8: error: package org.sp
ringframework.security.acc
ess.prepost does not exist
import org.springframework
.security.access.prepost.P
reAuthorize;
                          
                        ^
C:\xampp\htdocs\portfolio-
app\backend\src\main\java\
com\portfolio\backend\cont
roller\AboutController.jav
a:13: error: cannot find 
symbol
@CrossOrigin(origins = 
"*", maxAge = 3600)
 ^
  symbol: class 
CrossOrigin
C:\xampp\htdocs\portfolio-
app\backend\src\main\java\
com\portfolio\backend\cont
roller\AboutController.jav
a:14: error: cannot find 
symbol
@RestController
 ^
  symbol: class 
RestController
C:\xampp\htdocs\portfolio-
app\backend\src\main\java\
com\portfolio\backend\cont
roller\AboutController.jav
a:15: error: cannot find 
symbol
@RequestMapping("/api/abou
t")
 ^
  symbol: class 
RequestMapping
C:\xampp\htdocs\portfolio-
app\backend\src\main\java\
com\portfolio\backend\repo
sitory\AboutRepository.jav
a:4: error: package org.sp
ringframework.data.jpa.rep
ository does not exist
import org.springframework
.data.jpa.repository.JpaRe
pository;
                          
                    ^
C:\xampp\htdocs\portfolio-
app\backend\src\main\java\
com\portfolio\backend\repo
sitory\AboutRepository.jav
a:5: error: package org.sp
ringframework.stereotype 
does not exist
import org.springframework
.stereotype.Repository;
                          
           ^
C:\xampp\htdocs\portfolio-
app\backend\src\main\java\
com\portfolio\backend\repo
sitory\AboutRepository.jav
a:8: error: cannot find 
symbol
public interface 
AboutRepository extends 
JpaRepository<About, 
Long> {
                          
               ^
  symbol: class 
JpaRepository
C:\xampp\htdocs\portfolio-
app\backend\src\main\java\
com\portfolio\backend\repo
sitory\AboutRepository.jav
a:7: error: cannot find 
symbol
@Repository
 ^
  symbol: class Repository
C:\xampp\htdocs\portfolio-
app\backend\src\main\java\
com\portfolio\backend\mode
l\About.java:4: error: 
package lombok does not 
exist
import lombok.Data;
             ^
C:\xampp\htdocs\portfolio-
app\backend\src\main\java\
com\portfolio\backend\mode
l\About.java:6: error: 
cannot find symbol
@Data
 ^
  symbol: class Data
C:\xampp\htdocs\portfolio-
app\backend\src\main\java\
com\portfolio\backend\mode
l\About.java:7: error: 
cannot find symbol
@Entity
 ^
  symbol: class Entity
C:\xampp\htdocs\portfolio-
app\backend\src\main\java\
com\portfolio\backend\mode
l\About.java:8: error: 
cannot find symbol
@Table(name = "about")
 ^
  symbol: class Table
C:\xampp\htdocs\portfolio-
app\backend\src\main\java\
com\portfolio\backend\cont
roller\AboutController.jav
a:22: error: cannot find 
symbol
    public 
ResponseEntity<About> 
getAboutDetails() {
           ^
  symbol:   class 
ResponseEntity
  location: class 
AboutController
C:\xampp\htdocs\portfolio-
app\backend\src\main\java\
com\portfolio\backend\cont
roller\AboutController.jav
a:32: error: cannot find 
symbol
    public 
ResponseEntity<About> crea
teOrUpdateAbout(@RequestBo
dy About about) {
           ^
  symbol:   class 
ResponseEntity
  location: class 
AboutController
C:\xampp\htdocs\portfolio-
app\backend\src\main\java\
com\portfolio\backend\cont
roller\AboutController.jav
a:9: error: package org.sp
ringframework.web.bind.ann
otation does not exist
import org.springframework
.web.bind.annotation.*;
^
C:\xampp\htdocs\portfolio-
app\backend\src\main\java\
com\portfolio\backend\mode
l\About.java:3: error: 
package 
jakarta.persistence does 
not exist
import 
jakarta.persistence.*;
^
C:\xampp\htdocs\portfolio-
app\backend\src\main\java\
com\portfolio\backend\cont
roller\AchievementControll
er.java:5: error: package 
org.springframework.beans.
factory.annotation does 
not exist
import org.springframework
.beans.factory.annotation.
Autowired;
                          
                         ^
C:\xampp\htdocs\portfolio-
app\backend\src\main\java\
com\portfolio\backend\cont
roller\AchievementControll
er.java:6: error: package 
org.springframework.http 
does not exist
import org.springframework
.http.HttpStatus;
                          
     ^
C:\xampp\htdocs\portfolio-
app\backend\src\main\java\
com\portfolio\backend\cont
roller\AchievementControll
er.java:7: error: package 
org.springframework.http 
does not exist
import org.springframework
.http.ResponseEntity;
                          
     ^
C:\xampp\htdocs\portfolio-
app\backend\src\main\java\
com\portfolio\backend\cont
roller\AchievementControll
er.java:8: error: package 
org.springframework.securi
ty.access.prepost does 
not exist
import org.springframework
.security.access.prepost.P
reAuthorize;
                          
                        ^
C:\xampp\htdocs\portfolio-
app\backend\src\main\java\
com\portfolio\backend\cont
roller\AchievementControll
er.java:14: error: cannot 
find symbol
@CrossOrigin(origins = 
"*", maxAge = 3600)
 ^
  symbol: class 
CrossOrigin
C:\xampp\htdocs\portfolio-
app\backend\src\main\java\
com\portfolio\backend\cont
roller\AchievementControll
er.java:15: error: cannot 
find symbol
@RestController
 ^
  symbol: class 
RestController
C:\xampp\htdocs\portfolio-
app\backend\src\main\java\
com\portfolio\backend\cont
roller\AchievementControll
er.java:16: error: cannot 
find symbol
@RequestMapping("/api/achi
evements")
 ^
  symbol: class 
RequestMapping
C:\xampp\htdocs\portfolio-
app\backend\src\main\java\
com\portfolio\backend\repo
sitory\AchievementReposito
ry.java:4: error: package 
org.springframework.data.j
pa.repository does not 
exist
import org.springframework
.data.jpa.repository.JpaRe
pository;
                          
                    ^
C:\xampp\htdocs\portfolio-
app\backend\src\main\java\
com\portfolio\backend\repo
sitory\AchievementReposito
ry.java:5: error: package 
org.springframework.stereo
type does not exist
import org.springframework
.stereotype.Repository;
                          
           ^
C:\xampp\htdocs\portfolio-
app\backend\src\main\java\
com\portfolio\backend\repo
sitory\AchievementReposito
ry.java:8: error: cannot 
find symbol
public interface 
AchievementRepository 
extends JpaRepository<Achi
evement, Long> {
                          
                     ^
  symbol: class 
JpaRepository
C:\xampp\htdocs\portfolio-
app\backend\src\main\java\
com\portfolio\backend\repo
sitory\AchievementReposito
ry.java:7: error: cannot 
find symbol
@Repository
 ^
  symbol: class Repository
C:\xampp\htdocs\portfolio-
app\backend\src\main\java\
com\portfolio\backend\mode
l\Achievement.java:4: 
error: package lombok 
does not exist
import lombok.Data;
             ^
C:\xampp\htdocs\portfolio-
app\backend\src\main\java\
com\portfolio\backend\mode
l\Achievement.java:6: 
error: cannot find symbol
@Data
 ^
  symbol: class Data
C:\xampp\htdocs\portfolio-
app\backend\src\main\java\
com\portfolio\backend\mode
l\Achievement.java:7: 
error: cannot find symbol
@Entity
 ^
  symbol: class Entity
C:\xampp\htdocs\portfolio-
app\backend\src\main\java\
com\portfolio\backend\mode
l\Achievement.java:8: 
error: cannot find symbol
@Table(name = 
"achievements")
 ^
  symbol: class Table
C:\xampp\htdocs\portfolio-
app\backend\src\main\java\
com\portfolio\backend\cont
roller\AchievementControll
er.java:29: error: cannot 
find symbol
    public ResponseEntity<
Achievement> createAchieve
ment(@RequestBody 
Achievement achievement) {
           ^
  symbol:   class 
ResponseEntity
  location: class 
AchievementController
C:\xampp\htdocs\portfolio-
app\backend\src\main\java\
com\portfolio\backend\cont
roller\AchievementControll
er.java:40: error: cannot 
find symbol
    public ResponseEntity<
Achievement> updateAchieve
ment(@PathVariable("id") 
long id, @RequestBody 
Achievement achievement) {
           ^
  symbol:   class 
ResponseEntity
  location: class 
AchievementController
C:\xampp\htdocs\portfolio-
app\backend\src\main\java\
com\portfolio\backend\cont
roller\AchievementControll
er.java:57: error: cannot 
find symbol
    public ResponseEntity<
HttpStatus> deleteAchievem
ent(@PathVariable("id") 
long id) {
           ^
  symbol:   class 
ResponseEntity
  location: class 
AchievementController
C:\xampp\htdocs\portfolio-
app\backend\src\main\java\
com\portfolio\backend\cont
roller\AchievementControll
er.java:57: error: cannot 
find symbol
    public ResponseEntity<
HttpStatus> deleteAchievem
ent(@PathVariable("id") 
long id) {
                          
^
  symbol:   class 
HttpStatus
  location: class 
AchievementController
C:\xampp\htdocs\portfolio-
app\backend\src\main\java\
com\portfolio\backend\cont
roller\AchievementControll
er.java:9: error: package 
org.springframework.web.bi
nd.annotation does not 
exist
import org.springframework
.web.bind.annotation.*;
^
C:\xampp\htdocs\portfolio-
app\backend\src\main\java\
com\portfolio\backend\mode
l\Achievement.java:3: 
error: package 
jakarta.persistence does 
not exist
import 
jakarta.persistence.*;
^
C:\xampp\htdocs\portfolio-
app\backend\src\main\java\
com\portfolio\backend\cont
roller\AuthController.java
:7: error: package 
jakarta.validation does 
not exist
import 
jakarta.validation.Valid;
                         ^
C:\xampp\htdocs\portfolio-
app\backend\src\main\java\
com\portfolio\backend\cont
roller\AuthController.java
:8: error: package org.spr
ingframework.beans.factory
.annotation does not exist
import org.springframework
.beans.factory.annotation.
Autowired;
                          
                         ^
C:\xampp\htdocs\portfolio-
app\backend\src\main\java\
com\portfolio\backend\cont
roller\AuthController.java
:9: error: package 
org.springframework.http 
does not exist
import org.springframework
.http.ResponseEntity;
                          
     ^
C:\xampp\htdocs\portfolio-
app\backend\src\main\java\
com\portfolio\backend\cont
roller\AuthController.java
:10: error: package org.sp
ringframework.security.aut
hentication does not exist
import org.springframework
.security.authentication.A
uthenticationManager;
                          
                        ^
C:\xampp\htdocs\portfolio-
app\backend\src\main\java\
com\portfolio\backend\cont
roller\AuthController.java
:11: error: package org.sp
ringframework.security.aut
hentication does not exist
import org.springframework
.security.authentication.U
sernamePasswordAuthenticat
ionToken;
                          
                        ^
C:\xampp\htdocs\portfolio-
app\backend\src\main\java\
com\portfolio\backend\cont
roller\AuthController.java
:12: error: package org.sp
ringframework.security.cor
e does not exist
import org.springframework
.security.core.Authenticat
ion;
                          
              ^
C:\xampp\htdocs\portfolio-
app\backend\src\main\java\
com\portfolio\backend\cont
roller\AuthController.java
:13: error: package org.sp
ringframework.security.cor
e.context does not exist
import org.springframework
.security.core.context.Sec
urityContextHolder;
                          
                      ^
C:\xampp\htdocs\portfolio-
app\backend\src\main\java\
com\portfolio\backend\cont
roller\AuthController.java
:16: error: cannot find 
symbol
@CrossOrigin(origins = 
"*", maxAge = 3600)
 ^
  symbol: class 
CrossOrigin
C:\xampp\htdocs\portfolio-
app\backend\src\main\java\
com\portfolio\backend\cont
roller\AuthController.java
:17: error: cannot find 
symbol
@RestController
 ^
  symbol: class 
RestController
C:\xampp\htdocs\portfolio-
app\backend\src\main\java\
com\portfolio\backend\cont
roller\AuthController.java
:18: error: cannot find 
symbol
@RequestMapping("/api/auth
")
 ^
  symbol: class 
RequestMapping
C:\xampp\htdocs\portfolio-
app\backend\src\main\java\
com\portfolio\backend\cont
roller\AuthController.java
:21: error: cannot find 
symbol
    AuthenticationManager 
authenticationManager;
    ^
  symbol:   class 
AuthenticationManager
  location: class 
AuthController
C:\xampp\htdocs\portfolio-
app\backend\src\main\java\
com\portfolio\backend\secu
rity\jwt\JwtUtils.java:5: 
error: package 
io.jsonwebtoken.security 
does not exist
import io.jsonwebtoken.sec
urity.Keys;
                          
     ^
C:\xampp\htdocs\portfolio-
app\backend\src\main\java\
com\portfolio\backend\secu
rity\jwt\JwtUtils.java:6: 
error: package org.springf
ramework.beans.factory.ann
otation does not exist
import org.springframework
.beans.factory.annotation.
Value;
                          
                         ^
C:\xampp\htdocs\portfolio-
app\backend\src\main\java\
com\portfolio\backend\secu
rity\jwt\JwtUtils.java:7: 
error: package org.springf
ramework.security.core 
does not exist
import org.springframework
.security.core.Authenticat
ion;
                          
              ^
C:\xampp\htdocs\portfolio-
app\backend\src\main\java\
com\portfolio\backend\secu
rity\jwt\JwtUtils.java:8: 
error: package org.springf
ramework.stereotype does 
not exist
import org.springframework
.stereotype.Component;
                          
           ^
C:\xampp\htdocs\portfolio-
app\backend\src\main\java\
com\portfolio\backend\secu
rity\jwt\JwtUtils.java:12:
 error: cannot find symbol
@Component
 ^
  symbol: class Component
C:\xampp\htdocs\portfolio-
app\backend\src\main\java\
com\portfolio\backend\payl
oad\request\LoginRequest.j
ava:3: error: package jaka
rta.validation.constraints
 does not exist
import jakarta.validation.
constraints.NotBlank;
                          
           ^
C:\xampp\htdocs\portfolio-
app\backend\src\main\java\
com\portfolio\backend\payl
oad\request\LoginRequest.j
ava:4: error: package 
lombok does not exist
import lombok.Data;
             ^
C:\xampp\htdocs\portfolio-
app\backend\src\main\java\
com\portfolio\backend\payl
oad\request\LoginRequest.j
ava:6: error: cannot find 
symbol
@Data
 ^
  symbol: class Data
C:\xampp\htdocs\portfolio-
app\backend\src\main\java\
com\portfolio\backend\cont
roller\AuthController.java
:27: error: cannot find 
symbol
    public 
ResponseEntity<?> 
authenticateUser(@Valid 
@RequestBody LoginRequest 
loginRequest) {
           ^
  symbol:   class 
ResponseEntity
  location: class 
AuthController
C:\xampp\htdocs\portfolio-
app\backend\src\main\java\
com\portfolio\backend\secu
rity\jwt\JwtUtils.java:25:
 error: cannot find symbol
    public String generate
JwtToken(Authentication 
authentication) {
                          
         ^
  symbol:   class 
Authentication
  location: class JwtUtils
C:\xampp\htdocs\portfolio-
app\backend\src\main\java\
com\portfolio\backend\cont
roller\AuthController.java
:14: error: package org.sp
ringframework.web.bind.ann
otation does not exist
import org.springframework
.web.bind.annotation.*;
^
C:\xampp\htdocs\portfolio-
app\backend\src\main\java\
com\portfolio\backend\secu
rity\jwt\JwtUtils.java:4: 
error: package 
io.jsonwebtoken does not 
exist
import io.jsonwebtoken.*;
^
C:\xampp\htdocs\portfolio-
app\backend\src\main\java\
com\portfolio\backend\cont
roller\BlogController.java
:5: error: package org.spr
ingframework.beans.factory
.annotation does not exist
import org.springframework
.beans.factory.annotation.
Autowired;
                          
                         ^
C:\xampp\htdocs\portfolio-
app\backend\src\main\java\
com\portfolio\backend\cont
roller\BlogController.java
:6: error: package 
org.springframework.http 
does not exist
import org.springframework
.http.HttpStatus;
                          
     ^
C:\xampp\htdocs\portfolio-
app\backend\src\main\java\
com\portfolio\backend\cont
roller\BlogController.java
:7: error: package 
org.springframework.http 
does not exist
import org.springframework
.http.ResponseEntity;
                          
     ^
C:\xampp\htdocs\portfolio-
app\backend\src\main\java\
com\portfolio\backend\cont
roller\BlogController.java
:8: error: package org.spr
ingframework.security.acce
ss.prepost does not exist
import org.springframework
.security.access.prepost.P
reAuthorize;
                          
                        ^
C:\xampp\htdocs\portfolio-
app\backend\src\main\java\
com\portfolio\backend\cont
roller\BlogController.java
:15: error: cannot find 
symbol
@CrossOrigin(origins = 
"*", maxAge = 3600)
 ^
  symbol: class 
CrossOrigin
C:\xampp\htdocs\portfolio-
app\backend\src\main\java\
com\portfolio\backend\cont
roller\BlogController.java
:16: error: cannot find 
symbol
@RestController
 ^
  symbol: class 
RestController
C:\xampp\htdocs\portfolio-
app\backend\src\main\java\
com\portfolio\backend\cont
roller\BlogController.java
:17: error: cannot find 
symbol
@RequestMapping("/api/blog
s")
 ^
  symbol: class 
RequestMapping
C:\xampp\htdocs\portfolio-
app\backend\src\main\java\
com\portfolio\backend\repo
sitory\BlogRepository.java
:4: error: package org.spr
ingframework.data.jpa.repo
sitory does not exist
import org.springframework
.data.jpa.repository.JpaRe
pository;
                          
                    ^
C:\xampp\htdocs\portfolio-
app\backend\src\main\java\
com\portfolio\backend\repo
sitory\BlogRepository.java
:5: error: package org.spr
ingframework.stereotype 
does not exist
import org.springframework
.stereotype.Repository;
                          
           ^
C:\xampp\htdocs\portfolio-
app\backend\src\main\java\
com\portfolio\backend\repo
sitory\BlogRepository.java
:8: error: cannot find 
symbol
public interface 
BlogRepository extends 
JpaRepository<Blog, Long> 
{
                          
              ^
  symbol: class 
JpaRepository
C:\xampp\htdocs\portfolio-
app\backend\src\main\java\
com\portfolio\backend\repo
sitory\BlogRepository.java
:7: error: cannot find 
symbol
@Repository
 ^
  symbol: class Repository
C:\xampp\htdocs\portfolio-
app\backend\src\main\java\
com\portfolio\backend\mode
l\Blog.java:5: error: 
package lombok does not 
exist
import lombok.Data;
             ^
C:\xampp\htdocs\portfolio-
app\backend\src\main\java\
com\portfolio\backend\mode
l\Blog.java:7: error: 
cannot find symbol
@Data
 ^
  symbol: class Data
C:\xampp\htdocs\portfolio-
app\backend\src\main\java\
com\portfolio\backend\mode
l\Blog.java:8: error: 
cannot find symbol
@Entity
 ^
  symbol: class Entity
C:\xampp\htdocs\portfolio-
app\backend\src\main\java\
com\portfolio\backend\mode
l\Blog.java:9: error: 
cannot find symbol
@Table(name = "blogs")
 ^
  symbol: class Table
C:\xampp\htdocs\portfolio-
app\backend\src\main\java\
com\portfolio\backend\cont
roller\BlogController.java
:29: error: cannot find 
symbol
    public 
ResponseEntity<Blog> getBl
ogById(@PathVariable("id")
 long id) {
           ^
  symbol:   class 
ResponseEntity
  location: class 
BlogController
C:\xampp\htdocs\portfolio-
app\backend\src\main\java\
com\portfolio\backend\cont
roller\BlogController.java
:37: error: cannot find 
symbol
    public 
ResponseEntity<Blog> 
createBlog(@RequestBody 
Blog blog) {
           ^
  symbol:   class 
ResponseEntity
  location: class 
BlogController
C:\xampp\htdocs\portfolio-
app\backend\src\main\java\
com\portfolio\backend\cont
roller\BlogController.java
:48: error: cannot find 
symbol
    public 
ResponseEntity<Blog> updat
eBlog(@PathVariable("id") 
long id, @RequestBody 
Blog blog) {
           ^
  symbol:   class 
ResponseEntity
  location: class 
BlogController
C:\xampp\htdocs\portfolio-
app\backend\src\main\java\
com\portfolio\backend\cont
roller\BlogController.java
:67: error: cannot find 
symbol
    public ResponseEntity<
HttpStatus> deleteBlog(@Pa
thVariable("id") long id) 
{
           ^
  symbol:   class 
ResponseEntity
  location: class 
BlogController
C:\xampp\htdocs\portfolio-
app\backend\src\main\java\
com\portfolio\backend\cont
roller\BlogController.java
:67: error: cannot find 
symbol
    public ResponseEntity<
HttpStatus> deleteBlog(@Pa
thVariable("id") long id) 
{
                          
^
  symbol:   class 
HttpStatus
  location: class 
BlogController
100 errors
only showing the first 
100 errors, of 716 total; 
use -Xmaxerrs if you 
would like to see more
